LTspice 24.0.12 for Windows
Circuit: * C:\Users\kotla\OneDrive\Documents\LTspice\mp.asc
Start Time: Wed Oct 16 12:01:02 2024
solver = Normal
Maximum thread count: 4
tnom = 27
temp = 27
method = modified trap
.OP point found by inspection.
Changing Tseed to 5e-10
Changing Tseed to 5e-12
Changing Tseed to 5e-09
Changing Tseed to 5e-13
Changing Tseed to 5e-08
Changing Tseed to 5e-14
Heightened Def Con from 40 +to 40
Heightened Def Con from 40 +to 40
Heightened Def Con from 40 ++to 40
Heightened Def Con from 40 +++to 40
Heightened Def Con from 40 +++to 40
Heightened Def Con from 40 +++to 40
Heightened Def Con from 40 ++++to 40
Heightened Def Con from 40 ++++to 40
Heightened Def Con from 40 ++++to 40
Heightened Def Con from 40 +++++to 40
Heightened Def Con from 40 +++++to 40
Heightened Def Con from 40 +++++to 40
Heightened Def Con from 40 +++++to 40
Heightened Def Con from 40 +++++to 40
Heightened Def Con from 40 ++++++to 40
Heightened Def Con from 40 ++++++to 40
Heightened Def Con from 40 ++++++to 40
Heightened Def Con from 40 ++++++to 40
Heightened Def Con from 40 ++++++to 40
Heightened Def Con from 40 ++++++to 40
Heightened Def Con from 40 +++++++to 40
Heightened Def Con from 40 +++++++to 40
Heightened Def Con from 40 +++++++to 40
Heightened Def Con from 40 ++++++++to 40
Heightened Def Con from 40 ++++++++to 40
Heightened Def Con from 40 ++++++++to 40
Heightened Def Con from 40 ++++++++to 40
Heightened Def Con from 40 ++++++++to 40
Heightened Def Con from 40 ++++++++to 40
Heightened Def Con from 40 +++++++++to 40
Heightened Def Con from 40 +++++++++to 40
Heightened Def Con from 40 +++++++++to 40
Heightened Def Con from 40 +++++++++to 40
Heightened Def Con from 40 +++++++++to 40
Heightened Def Con from 40 +++++++++to 40
Heightened Def Con from 40 to 40
Heightened Def Con from 40 to 40
Total elapsed time: 0.224 seconds.

